// Jest Snapshot v1, https://goo.gl/fbAQLP

exports[`DiveLog importer Basic 1`] = `
Object {
  "dives": Array [
    Object {
      "air_used": 2100,
      "bottom_time": 31.5,
      "buddies": "Andrea, Mauro",
      "current": "",
      "current_normalized": "NONE",
      "date": "2017-02-25T10:01:00Z",
      "deco_stops": "-",
      "dive_master": "Mauro",
      "dive_time": 42,
      "emersion_time": 3,
      "entry": "da barca",
      "entry_time": "10:01:00",
      "exit_time": "10:43:00",
      "gases": Array [
        Object {
          "double": false,
          "helium": 0,
          "oxygen": 0,
          "pressureEnd": 210,
          "pressureStart": 70,
          "tankName": "15",
          "tankSize": 15,
          "volumeStart": 3150,
        },
      ],
      "gear": Array [
        Object {
          "manufacturer": "",
          "name": "Aladin Sport Matrix",
          "serial": "",
          "type": "",
        },
        Object {
          "manufacturer": "",
          "name": "Jacket",
          "serial": "",
          "type": "",
        },
        Object {
          "manufacturer": "",
          "name": "Maschera Blu",
          "serial": "",
          "type": "",
        },
        Object {
          "manufacturer": "",
          "name": "Muta 5mm logo giallo",
          "serial": "",
          "type": "",
        },
        Object {
          "manufacturer": "",
          "name": "Pinne",
          "serial": "",
          "type": "",
        },
      ],
      "half_depth_break": "14m",
      "half_depth_break_time": "2.5",
      "location": Object {
        "country": "Italia",
        "lat": "42.4010",
        "lng": "11.0914",
        "place": "Porto Santo Stefano",
        "site": "Scoglio del Corallo",
      },
      "max_depth": 27.4,
      "notes": "",
      "number": 1,
      "samples": Array [],
      "surface": "Normale",
      "surfaceInterval": "3:12",
      "surface_normalized": "FLAT",
      "tags": Array [],
      "types": Array [
        "addestramento",
      ],
      "visibility": "",
      "visibility_normalized": "GOOD",
      "water": "mare",
      "weather": "Sereno",
      "weather_normalized": "CLEAR",
      "weights": 9,
    },
    Object {
      "air_used": 2100,
      "bottom_time": 31.5,
      "buddies": "Andrea, Mauro",
      "current": "",
      "current_normalized": "NONE",
      "date": "2017-02-25T10:01:00Z",
      "deco_stops": "-",
      "dive_master": "Mauro",
      "dive_time": 42,
      "emersion_time": 3,
      "entry": "da barca",
      "entry_time": "10:01:00",
      "exit_time": "10:43:00",
      "gases": Array [
        Object {
          "double": false,
          "helium": 0,
          "oxygen": 0,
          "pressureEnd": 210,
          "pressureStart": 70,
          "tankName": "15",
          "tankSize": 15,
          "volumeStart": 3150,
        },
      ],
      "gear": Array [
        Object {
          "manufacturer": "",
          "name": "Aladin Sport Matrix",
          "serial": "",
          "type": "",
        },
        Object {
          "manufacturer": "",
          "name": "Jacket",
          "serial": "",
          "type": "",
        },
        Object {
          "manufacturer": "",
          "name": "Maschera Blu",
          "serial": "",
          "type": "",
        },
        Object {
          "manufacturer": "",
          "name": "Muta 5mm logo giallo",
          "serial": "",
          "type": "",
        },
        Object {
          "manufacturer": "",
          "name": "Pinne",
          "serial": "",
          "type": "",
        },
      ],
      "half_depth_break": "14m",
      "half_depth_break_time": "2.5",
      "location": Object {
        "country": "Italia",
        "lat": "42.4010",
        "lng": "11.0914",
        "place": "Porto Santo Stefano",
        "site": "Scoglio del Corallo",
      },
      "max_depth": 27.4,
      "notes": "",
      "number": 1,
      "samples": Array [],
      "surface": "Normale",
      "surfaceInterval": "3:12",
      "surface_normalized": "FLAT",
      "tags": Array [],
      "types": Array [
        "addestramento",
      ],
      "visibility": "",
      "visibility_normalized": "GOOD",
      "water": "mare",
      "weather": "Sereno",
      "weather_normalized": "CLEAR",
      "weights": 9,
    },
  ],
}
`;
